node.exe : FAIL src/tests/authMiddleware.test.js
Au caractère C:\Program Files\nodejs\npx.ps1:29 : 
3
+   & $NODE_EXE $NPX_CLI_JS $args
+   ~~~~~~~~~~~~~~~~~~~~~~~~~~~~~
    + CategoryInfo          : NotSpecified: (FAIL 
    src/tests/authMiddleware.test.js:String) [],  
   RemoteException
    + FullyQualifiedErrorId : NativeCommandError
 
  ÔùÅ Test suite failed to run

    ReferenceError: require is not defined

    [0m [90m  7 |[39m [90m// Mock 
dependencies[39m
     [90m  8 |[39m jest[33m.[39mmock([32m'../
models/User.js'[39m)[33m;[39m
    [31m[1m>[22m[39m[90m  9 |[39m jest[33m.
[39mmock([32m'../utils/tokenUtils.js'[39m)[33m
;[39m
     [90m    |[39m                              
       [31m[1m^[22m[39m
     [90m 10 |[39m
     [90m 11 |[39m describe([32m'Auth 
Middleware'[39m[33m,[39m () [33m=>[39m {
     [90m 12 |[39m   [36mlet[39m 
req[33m,[39m res[33m,[39m next[33m;[39m[0m

      at require 
(src/tests/authMiddleware.test.js:9:37)
      at _getJestObj 
(src/tests/authMiddleware.test.js:8:1)

Test Suites: 1 failed, 1 total
Tests:       0 total
Snapshots:   0 total
Time:        5.244 s
Ran all test suites matching 
src/tests/authMiddleware.test.js.
(node:55768) ExperimentalWarning: VM Modules is 
an experimental feature and might change at any 
time
(Use `node --trace-warnings ...` to show where 
the warning was created)
